// Jest Snapshot v1, https://goo.gl/fbAQLP

exports[`Screen <ProductList/> renders correctly  1`] = `
<div
  className="product-list"
/>
`;
